// Jest Snapshot v1, https://goo.gl/fbAQLP

exports[`renders correctly 1`] = `
<SearchBox
  inputProps={
    Object {
      "onBlur": [Function],
      "onFocus": [Function],
    }
  }
  isFocused={false}
  onChange={[Function]}
  onSelectSuggestion={[Function]}
  onSubmit={[Function]}
  showSuggestions={false}
  value="test"
/>
`;
